mode: atomic
github.com/eshanized/M31A/pkg/bisect/bisect.go:31.55,33.2 1 13
github.com/eshanized/M31A/pkg/bisect/bisect.go:36.54,40.16 4 86
github.com/eshanized/M31A/pkg/bisect/bisect.go:40.16,42.3 1 7
github.com/eshanized/M31A/pkg/bisect/bisect.go:43.2,43.44 1 79
github.com/eshanized/M31A/pkg/bisect/bisect.go:49.101,50.21 1 13
github.com/eshanized/M31A/pkg/bisect/bisect.go:50.21,52.3 1 12
github.com/eshanized/M31A/pkg/bisect/bisect.go:55.2,55.15 1 13
github.com/eshanized/M31A/pkg/bisect/bisect.go:55.15,57.3 1 13
github.com/eshanized/M31A/pkg/bisect/bisect.go:60.2,60.52 1 13
github.com/eshanized/M31A/pkg/bisect/bisect.go:60.52,62.3 1 1
github.com/eshanized/M31A/pkg/bisect/bisect.go:65.2,65.69 1 12
github.com/eshanized/M31A/pkg/bisect/bisect.go:65.69,67.3 1 3
github.com/eshanized/M31A/pkg/bisect/bisect.go:68.2,68.60 1 9
github.com/eshanized/M31A/pkg/bisect/bisect.go:68.60,70.3 1 2
github.com/eshanized/M31A/pkg/bisect/bisect.go:73.2,73.6 1 7
github.com/eshanized/M31A/pkg/bisect/bisect.go:73.6,76.51 2 13
github.com/eshanized/M31A/pkg/bisect/bisect.go:76.51,77.9 1 7
github.com/eshanized/M31A/pkg/bisect/bisect.go:81.3,82.17 2 6
github.com/eshanized/M31A/pkg/bisect/bisect.go:82.17,84.4 1 0
github.com/eshanized/M31A/pkg/bisect/bisect.go:86.3,86.22 1 6
github.com/eshanized/M31A/pkg/bisect/bisect.go:86.22,88.4 1 6
github.com/eshanized/M31A/pkg/bisect/bisect.go:91.3,91.16 1 6
github.com/eshanized/M31A/pkg/bisect/bisect.go:91.16,92.53 1 2
github.com/eshanized/M31A/pkg/bisect/bisect.go:92.53,94.5 1 0
github.com/eshanized/M31A/pkg/bisect/bisect.go:95.9,96.52 1 4
github.com/eshanized/M31A/pkg/bisect/bisect.go:96.52,98.5 1 0
github.com/eshanized/M31A/pkg/bisect/bisect.go:103.2,104.16 2 7
github.com/eshanized/M31A/pkg/bisect/bisect.go:104.16,106.3 1 0
github.com/eshanized/M31A/pkg/bisect/bisect.go:108.2,109.21 2 7
github.com/eshanized/M31A/pkg/bisect/bisect.go:109.21,111.3 1 0
github.com/eshanized/M31A/pkg/bisect/bisect.go:114.2,121.8 2 7
github.com/eshanized/M31A/pkg/bisect/bisect.go:125.40,127.29 2 26
github.com/eshanized/M31A/pkg/bisect/bisect.go:127.29,130.53 2 100
github.com/eshanized/M31A/pkg/bisect/bisect.go:130.53,133.36 2 16
github.com/eshanized/M31A/pkg/bisect/bisect.go:133.36,135.21 2 14
github.com/eshanized/M31A/pkg/bisect/bisect.go:135.21,137.6 1 13
github.com/eshanized/M31A/pkg/bisect/bisect.go:140.4,141.22 2 3
github.com/eshanized/M31A/pkg/bisect/bisect.go:141.22,143.5 1 3
github.com/eshanized/M31A/pkg/bisect/bisect.go:146.3,146.44 1 84
github.com/eshanized/M31A/pkg/bisect/bisect.go:146.44,147.12 1 4
github.com/eshanized/M31A/pkg/bisect/bisect.go:150.3,150.39 1 80
github.com/eshanized/M31A/pkg/bisect/bisect.go:150.39,152.23 2 5
github.com/eshanized/M31A/pkg/bisect/bisect.go:152.23,154.5 1 5
github.com/eshanized/M31A/pkg/bisect/bisect.go:157.2,157.11 1 5
github.com/eshanized/M31A/pkg/taskrunner/runner.go:35.38,42.26 2 32
github.com/eshanized/M31A/pkg/taskrunner/runner.go:42.26,44.21 2 55
github.com/eshanized/M31A/pkg/taskrunner/runner.go:44.21,46.4 1 50
github.com/eshanized/M31A/pkg/taskrunner/runner.go:46.9,48.4 1 5
github.com/eshanized/M31A/pkg/taskrunner/runner.go:50.2,50.10 1 32
github.com/eshanized/M31A/pkg/taskrunner/runner.go:56.46,57.23 1 25
github.com/eshanized/M31A/pkg/taskrunner/runner.go:57.23,59.3 1 1
github.com/eshanized/M31A/pkg/taskrunner/runner.go:62.2,62.28 1 24
github.com/eshanized/M31A/pkg/taskrunner/runner.go:62.28,63.38 1 48
github.com/eshanized/M31A/pkg/taskrunner/runner.go:63.38,64.19 1 22
github.com/eshanized/M31A/pkg/taskrunner/runner.go:64.19,66.5 1 1
github.com/eshanized/M31A/pkg/taskrunner/runner.go:71.2,73.28 3 23
github.com/eshanized/M31A/pkg/taskrunner/runner.go:73.28,75.3 1 47
github.com/eshanized/M31A/pkg/taskrunner/runner.go:77.2,80.28 3 23
github.com/eshanized/M31A/pkg/taskrunner/runner.go:80.28,81.35 1 47
github.com/eshanized/M31A/pkg/taskrunner/runner.go:81.35,83.4 1 47
github.com/eshanized/M31A/pkg/taskrunner/runner.go:84.3,84.38 1 47
github.com/eshanized/M31A/pkg/taskrunner/runner.go:84.38,85.19 1 21
github.com/eshanized/M31A/pkg/taskrunner/runner.go:85.19,87.5 1 0
github.com/eshanized/M31A/pkg/taskrunner/runner.go:88.4,89.20 2 21
github.com/eshanized/M31A/pkg/taskrunner/runner.go:94.2,98.28 3 23
github.com/eshanized/M31A/pkg/taskrunner/runner.go:98.28,99.26 1 47
github.com/eshanized/M31A/pkg/taskrunner/runner.go:99.26,101.4 1 28
github.com/eshanized/M31A/pkg/taskrunner/runner.go:104.2,105.21 2 23
github.com/eshanized/M31A/pkg/taskrunner/runner.go:105.21,110.28 4 35
github.com/eshanized/M31A/pkg/taskrunner/runner.go:110.28,111.41 1 45
github.com/eshanized/M31A/pkg/taskrunner/runner.go:111.41,113.29 2 19
github.com/eshanized/M31A/pkg/taskrunner/runner.go:113.29,115.6 1 17
github.com/eshanized/M31A/pkg/taskrunner/runner.go:118.3,118.20 1 35
github.com/eshanized/M31A/pkg/taskrunner/runner.go:121.2,121.19 1 23
github.com/eshanized/M31A/pkg/taskrunner/runner.go:121.19,123.3 1 1
github.com/eshanized/M31A/pkg/taskrunner/runner.go:125.2,125.20 1 22
github.com/eshanized/M31A/pkg/taskrunner/runner.go:130.66,131.27 1 26
github.com/eshanized/M31A/pkg/taskrunner/runner.go:131.27,133.10 2 33
github.com/eshanized/M31A/pkg/taskrunner/runner.go:133.10,135.4 1 1
github.com/eshanized/M31A/pkg/taskrunner/runner.go:136.3,141.34 2 32
github.com/eshanized/M31A/pkg/taskrunner/runner.go:141.34,142.12 1 5
github.com/eshanized/M31A/pkg/taskrunner/runner.go:146.3,147.43 2 27
github.com/eshanized/M31A/pkg/taskrunner/runner.go:147.43,149.117 2 13
github.com/eshanized/M31A/pkg/taskrunner/runner.go:149.117,154.10 4 4
github.com/eshanized/M31A/pkg/taskrunner/runner.go:156.4,156.37 1 9
github.com/eshanized/M31A/pkg/taskrunner/runner.go:156.37,161.10 4 1
github.com/eshanized/M31A/pkg/taskrunner/runner.go:165.3,165.17 1 27
github.com/eshanized/M31A/pkg/taskrunner/runner.go:165.17,166.12 1 5
github.com/eshanized/M31A/pkg/taskrunner/runner.go:170.3,171.27 2 22
github.com/eshanized/M31A/pkg/taskrunner/runner.go:171.27,173.4 1 2
github.com/eshanized/M31A/pkg/taskrunner/runner.go:175.3,176.16 2 22
github.com/eshanized/M31A/pkg/taskrunner/runner.go:176.16,180.4 3 21
github.com/eshanized/M31A/pkg/taskrunner/runner.go:180.9,182.4 1 1
github.com/eshanized/M31A/pkg/taskrunner/runner.go:184.3,186.21 2 22
github.com/eshanized/M31A/pkg/taskrunner/runner.go:186.21,188.29 2 20
github.com/eshanized/M31A/pkg/taskrunner/runner.go:188.29,190.5 1 2
github.com/eshanized/M31A/pkg/taskrunner/runner.go:191.4,191.31 1 20
github.com/eshanized/M31A/pkg/taskrunner/runner.go:191.31,194.5 1 1
github.com/eshanized/M31A/pkg/taskrunner/runner.go:195.9,197.29 2 2
github.com/eshanized/M31A/pkg/taskrunner/runner.go:197.29,199.5 1 0
github.com/eshanized/M31A/pkg/taskrunner/runner.go:203.2,203.12 1 25
github.com/eshanized/M31A/pkg/taskrunner/runner.go:207.50,209.2 1 22
github.com/eshanized/M31A/pkg/taskrunner/runner.go:212.47,214.30 2 5
github.com/eshanized/M31A/pkg/taskrunner/runner.go:214.30,216.3 1 6
github.com/eshanized/M31A/pkg/taskrunner/runner.go:217.2,217.12 1 5
github.com/eshanized/M31A/pkg/taskrunner/runner.go:221.33,222.28 1 2
github.com/eshanized/M31A/pkg/taskrunner/runner.go:222.28,224.59 2 3
github.com/eshanized/M31A/pkg/taskrunner/runner.go:224.59,226.4 1 1
github.com/eshanized/M31A/pkg/taskrunner/runner.go:228.2,228.13 1 1
github.com/eshanized/M31A/pkg/taskrunner/runner.go:232.63,234.28 2 3
github.com/eshanized/M31A/pkg/taskrunner/runner.go:234.28,235.25 1 9
github.com/eshanized/M31A/pkg/taskrunner/runner.go:236.25,237.10 1 7
github.com/eshanized/M31A/pkg/taskrunner/runner.go:238.54,239.12 1 1
github.com/eshanized/M31A/pkg/taskrunner/runner.go:240.28,241.13 1 1
github.com/eshanized/M31A/pkg/taskrunner/runner.go:244.2,244.8 1 3
github.com/eshanized/M31A/pkg/taskrunner/runner.go:248.39,250.28 2 2
github.com/eshanized/M31A/pkg/taskrunner/runner.go:250.28,253.3 2 4
github.com/eshanized/M31A/pkg/taskrunner/runner.go:254.2,254.12 1 2
github.com/eshanized/M31A/internal/workflow/discuss.go:16.85,24.16 4 2
github.com/eshanized/M31A/internal/workflow/discuss.go:24.16,30.3 1 0
github.com/eshanized/M31A/internal/workflow/discuss.go:33.2,55.20 6 2
github.com/eshanized/M31A/internal/workflow/discuss.go:59.70,66.50 5 8
github.com/eshanized/M31A/internal/workflow/discuss.go:66.50,71.3 1 1
github.com/eshanized/M31A/internal/workflow/discuss.go:74.2,77.20 4 8
github.com/eshanized/M31A/internal/workflow/discuss.go:77.20,78.32 1 3
github.com/eshanized/M31A/internal/workflow/discuss.go:78.32,80.4 1 3
github.com/eshanized/M31A/internal/workflow/discuss.go:81.3,81.32 1 3
github.com/eshanized/M31A/internal/workflow/discuss.go:84.2,90.17 3 8
github.com/eshanized/M31A/internal/workflow/discuss.go:94.104,95.20 1 4
github.com/eshanized/M31A/internal/workflow/discuss.go:95.20,97.3 1 1
github.com/eshanized/M31A/internal/workflow/discuss.go:98.2,98.28 1 4
github.com/eshanized/M31A/internal/workflow/discuss.go:98.28,100.3 1 0
github.com/eshanized/M31A/internal/workflow/discuss.go:102.2,102.30 1 4
github.com/eshanized/M31A/internal/workflow/discuss.go:102.30,103.23 1 7
github.com/eshanized/M31A/internal/workflow/discuss.go:103.23,105.4 1 7
github.com/eshanized/M31A/internal/workflow/discuss.go:108.2,108.55 1 4
github.com/eshanized/M31A/internal/workflow/discuss.go:112.43,116.17 1 1
github.com/eshanized/M31A/internal/workflow/discuss.go:116.17,118.3 1 0
github.com/eshanized/M31A/internal/workflow/discuss.go:120.2,120.103 1 1
github.com/eshanized/M31A/internal/workflow/discuss.go:131.89,133.30 2 1
github.com/eshanized/M31A/internal/workflow/discuss.go:133.30,136.3 2 3
github.com/eshanized/M31A/internal/workflow/discuss.go:137.2,137.16 1 1
github.com/eshanized/M31A/internal/workflow/engine.go:40.45,51.31 3 60
github.com/eshanized/M31A/internal/workflow/engine.go:51.31,53.17 2 420
github.com/eshanized/M31A/internal/workflow/engine.go:53.17,55.4 1 0
github.com/eshanized/M31A/internal/workflow/engine.go:56.3,56.41 1 420
github.com/eshanized/M31A/internal/workflow/engine.go:58.2,58.15 1 60
github.com/eshanized/M31A/internal/workflow/engine.go:94.97,97.16 2 59
github.com/eshanized/M31A/internal/workflow/engine.go:97.16,98.56 1 0
github.com/eshanized/M31A/internal/workflow/engine.go:101.2,114.3 1 59
github.com/eshanized/M31A/internal/workflow/engine.go:118.113,124.15 4 47
github.com/eshanized/M31A/internal/workflow/engine.go:125.32,126.43 1 25
github.com/eshanized/M31A/internal/workflow/engine.go:127.29,128.40 1 2
github.com/eshanized/M31A/internal/workflow/engine.go:129.26,130.37 1 8
github.com/eshanized/M31A/internal/workflow/engine.go:131.29,132.40 1 3
github.com/eshanized/M31A/internal/workflow/engine.go:133.28,134.39 1 5
github.com/eshanized/M31A/internal/workflow/engine.go:135.26,136.37 1 3
github.com/eshanized/M31A/internal/workflow/engine.go:137.10,138.53 1 1
github.com/eshanized/M31A/internal/workflow/engine.go:141.2,141.19 1 46
github.com/eshanized/M31A/internal/workflow/engine.go:141.19,144.3 2 46
github.com/eshanized/M31A/internal/workflow/engine.go:146.2,146.20 1 46
github.com/eshanized/M31A/internal/workflow/engine.go:150.89,156.69 2 28
github.com/eshanized/M31A/internal/workflow/engine.go:156.69,158.3 1 0
github.com/eshanized/M31A/internal/workflow/engine.go:161.2,161.93 1 28
github.com/eshanized/M31A/internal/workflow/engine.go:161.93,163.3 1 0
github.com/eshanized/M31A/internal/workflow/engine.go:165.2,165.12 1 28
github.com/eshanized/M31A/internal/workflow/engine.go:170.37,172.40 2 2
github.com/eshanized/M31A/internal/workflow/engine.go:172.40,174.3 1 1
github.com/eshanized/M31A/internal/workflow/engine.go:178.37,180.2 1 0
github.com/eshanized/M31A/internal/workflow/engine.go:189.70,190.37 1 7
github.com/eshanized/M31A/internal/workflow/engine.go:190.37,192.3 1 1
github.com/eshanized/M31A/internal/workflow/engine.go:193.2,193.57 1 6
github.com/eshanized/M31A/internal/workflow/engine.go:193.57,195.3 1 2
github.com/eshanized/M31A/internal/workflow/engine.go:196.2,196.35 1 4
github.com/eshanized/M31A/internal/workflow/engine.go:196.35,198.3 1 2
github.com/eshanized/M31A/internal/workflow/engine.go:199.2,200.12 2 4
github.com/eshanized/M31A/internal/workflow/engine.go:204.38,205.37 1 1
github.com/eshanized/M31A/internal/workflow/engine.go:205.37,207.3 1 0
github.com/eshanized/M31A/internal/workflow/engine.go:208.2,208.35 1 1
github.com/eshanized/M31A/internal/workflow/engine.go:208.35,210.3 1 1
github.com/eshanized/M31A/internal/workflow/engine.go:211.2,211.42 1 1
github.com/eshanized/M31A/internal/workflow/engine.go:211.42,212.46 1 2
github.com/eshanized/M31A/internal/workflow/engine.go:212.46,214.4 1 2
github.com/eshanized/M31A/internal/workflow/engine.go:216.2,216.28 1 1
github.com/eshanized/M31A/internal/workflow/engine.go:219.42,222.45 3 2
github.com/eshanized/M31A/internal/workflow/engine.go:222.45,225.47 3 4
github.com/eshanized/M31A/internal/workflow/engine.go:225.47,227.4 1 4
github.com/eshanized/M31A/internal/workflow/engine.go:228.3,228.31 1 4
github.com/eshanized/M31A/internal/workflow/engine.go:230.2,230.74 1 2
github.com/eshanized/M31A/internal/workflow/engine.go:230.74,232.3 1 0
github.com/eshanized/M31A/internal/workflow/engine.go:234.2,234.102 1 2
github.com/eshanized/M31A/internal/workflow/engine.go:234.102,236.3 1 0
github.com/eshanized/M31A/internal/workflow/engine.go:237.2,237.12 1 2
github.com/eshanized/M31A/internal/workflow/engine.go:241.67,243.43 2 11
github.com/eshanized/M31A/internal/workflow/engine.go:243.43,245.10 2 0
github.com/eshanized/M31A/internal/workflow/engine.go:245.10,246.12 1 0
github.com/eshanized/M31A/internal/workflow/engine.go:248.3,252.5 1 0
github.com/eshanized/M31A/internal/workflow/engine.go:254.2,254.13 1 11
github.com/eshanized/M31A/internal/workflow/engine.go:258.60,260.26 2 43
github.com/eshanized/M31A/internal/workflow/engine.go:260.26,261.14 1 72
github.com/eshanized/M31A/internal/workflow/engine.go:261.14,263.4 1 71
github.com/eshanized/M31A/internal/workflow/engine.go:265.2,265.43 1 43
github.com/eshanized/M31A/internal/workflow/engine.go:269.83,273.6 3 23
github.com/eshanized/M31A/internal/workflow/engine.go:273.6,275.20 2 46
github.com/eshanized/M31A/internal/workflow/engine.go:275.20,276.9 1 23
github.com/eshanized/M31A/internal/workflow/engine.go:278.3,278.17 1 23
github.com/eshanized/M31A/internal/workflow/engine.go:278.17,280.4 1 0
github.com/eshanized/M31A/internal/workflow/engine.go:281.3,281.19 1 23
github.com/eshanized/M31A/internal/workflow/engine.go:281.19,283.4 1 23
github.com/eshanized/M31A/internal/workflow/engine.go:285.2,285.25 1 23
github.com/eshanized/M31A/internal/workflow/engine.go:289.113,295.18 2 28
github.com/eshanized/M31A/internal/workflow/engine.go:295.18,297.3 1 11
github.com/eshanized/M31A/internal/workflow/engine.go:299.2,300.16 2 28
github.com/eshanized/M31A/internal/workflow/engine.go:300.16,302.3 1 5
github.com/eshanized/M31A/internal/workflow/engine.go:304.2,304.34 1 23
github.com/eshanized/M31A/internal/workflow/engine.go:308.66,314.19 3 16
github.com/eshanized/M31A/internal/workflow/engine.go:314.19,316.3 1 6
github.com/eshanized/M31A/internal/workflow/engine.go:318.2,319.64 2 10
github.com/eshanized/M31A/internal/workflow/engine.go:319.64,321.3 1 0
github.com/eshanized/M31A/internal/workflow/engine.go:323.2,323.19 1 10
github.com/eshanized/M31A/internal/workflow/engine.go:327.45,331.2 2 17
github.com/eshanized/M31A/internal/workflow/engine.go:334.46,338.37 2 19
github.com/eshanized/M31A/internal/workflow/engine.go:338.37,340.3 1 11
github.com/eshanized/M31A/internal/workflow/engine.go:343.2,345.32 3 8
github.com/eshanized/M31A/internal/workflow/engine.go:345.32,347.3 1 1
github.com/eshanized/M31A/internal/workflow/engine.go:349.2,349.11 1 7
github.com/eshanized/M31A/internal/workflow/engine.go:353.52,357.26 3 14
github.com/eshanized/M31A/internal/workflow/engine.go:357.26,358.16 1 15
github.com/eshanized/M31A/internal/workflow/engine.go:358.16,360.4 1 0
github.com/eshanized/M31A/internal/workflow/engine.go:361.3,361.18 1 15
github.com/eshanized/M31A/internal/workflow/engine.go:361.18,363.4 1 0
github.com/eshanized/M31A/internal/workflow/engine.go:364.3,366.38 2 15
github.com/eshanized/M31A/internal/workflow/engine.go:366.38,367.19 1 4
github.com/eshanized/M31A/internal/workflow/engine.go:367.19,369.5 1 1
github.com/eshanized/M31A/internal/workflow/engine.go:372.3,372.26 1 15
github.com/eshanized/M31A/internal/workflow/engine.go:372.26,374.4 1 5
github.com/eshanized/M31A/internal/workflow/engine.go:375.3,375.21 1 15
github.com/eshanized/M31A/internal/workflow/engine.go:375.21,377.4 1 0
github.com/eshanized/M31A/internal/workflow/engine.go:381.2,381.26 1 14
github.com/eshanized/M31A/internal/workflow/engine.go:381.26,382.38 1 15
github.com/eshanized/M31A/internal/workflow/engine.go:382.38,383.19 1 4
github.com/eshanized/M31A/internal/workflow/engine.go:383.19,385.5 1 1
github.com/eshanized/M31A/internal/workflow/engine.go:390.2,390.21 1 14
github.com/eshanized/M31A/internal/workflow/engine.go:390.21,392.3 1 2
github.com/eshanized/M31A/internal/workflow/engine.go:394.2,394.13 1 14
github.com/eshanized/M31A/internal/workflow/engine.go:398.43,400.26 2 16
github.com/eshanized/M31A/internal/workflow/engine.go:400.26,402.3 1 19
github.com/eshanized/M31A/internal/workflow/engine.go:404.2,405.26 2 16
github.com/eshanized/M31A/internal/workflow/engine.go:405.26,407.3 1 19
github.com/eshanized/M31A/internal/workflow/engine.go:409.2,413.26 4 16
github.com/eshanized/M31A/internal/workflow/engine.go:413.26,414.18 1 24
github.com/eshanized/M31A/internal/workflow/engine.go:414.18,416.4 1 3
github.com/eshanized/M31A/internal/workflow/engine.go:417.3,417.18 1 21
github.com/eshanized/M31A/internal/workflow/engine.go:417.18,419.4 1 1
github.com/eshanized/M31A/internal/workflow/engine.go:420.3,423.31 3 20
github.com/eshanized/M31A/internal/workflow/engine.go:423.31,424.16 1 7
github.com/eshanized/M31A/internal/workflow/engine.go:424.16,426.5 1 5
github.com/eshanized/M31A/internal/workflow/engine.go:429.3,430.15 2 15
github.com/eshanized/M31A/internal/workflow/engine.go:433.2,433.26 1 16
github.com/eshanized/M31A/internal/workflow/engine.go:433.26,434.16 1 17
github.com/eshanized/M31A/internal/workflow/engine.go:434.16,436.4 1 3
github.com/eshanized/M31A/internal/workflow/engine.go:438.2,438.14 1 13
github.com/eshanized/M31A/internal/workflow/engine.go:442.47,453.35 2 27
github.com/eshanized/M31A/internal/workflow/engine.go:453.35,454.66 1 200
github.com/eshanized/M31A/internal/workflow/engine.go:454.66,456.4 1 3
github.com/eshanized/M31A/internal/workflow/engine.go:458.2,458.18 1 24
github.com/eshanized/M31A/internal/workflow/engine.go:462.46,467.28 4 5
github.com/eshanized/M31A/internal/workflow/engine.go:467.28,468.17 1 9
github.com/eshanized/M31A/internal/workflow/engine.go:468.17,471.46 2 9
github.com/eshanized/M31A/internal/workflow/engine.go:471.46,473.5 1 0
github.com/eshanized/M31A/internal/workflow/engine.go:474.4,474.18 1 9
github.com/eshanized/M31A/internal/workflow/engine.go:474.18,476.5 1 9
github.com/eshanized/M31A/internal/workflow/engine.go:481.2,481.25 1 5
github.com/eshanized/M31A/internal/workflow/engine.go:481.25,482.53 1 2
github.com/eshanized/M31A/internal/workflow/engine.go:482.53,484.53 2 3
github.com/eshanized/M31A/internal/workflow/engine.go:484.53,486.5 1 2
github.com/eshanized/M31A/internal/workflow/engine.go:491.2,491.24 1 5
github.com/eshanized/M31A/internal/workflow/engine.go:491.24,493.3 1 1
github.com/eshanized/M31A/internal/workflow/engine.go:495.2,495.18 1 5
github.com/eshanized/M31A/internal/workflow/engine.go:500.57,505.67 3 6
github.com/eshanized/M31A/internal/workflow/engine.go:505.67,506.21 1 0
github.com/eshanized/M31A/internal/workflow/engine.go:506.21,507.12 1 0
github.com/eshanized/M31A/internal/workflow/engine.go:509.3,509.53 1 0
github.com/eshanized/M31A/internal/workflow/engine.go:509.53,511.4 1 0
github.com/eshanized/M31A/internal/workflow/engine.go:515.2,515.21 1 6
github.com/eshanized/M31A/internal/workflow/engine.go:515.21,518.66 2 6
github.com/eshanized/M31A/internal/workflow/engine.go:518.66,519.22 1 0
github.com/eshanized/M31A/internal/workflow/engine.go:519.22,520.13 1 0
github.com/eshanized/M31A/internal/workflow/engine.go:523.4,524.23 2 0
github.com/eshanized/M31A/internal/workflow/engine.go:524.23,525.13 1 0
github.com/eshanized/M31A/internal/workflow/engine.go:528.4,529.17 2 0
github.com/eshanized/M31A/internal/workflow/engine.go:529.17,530.13 1 0
github.com/eshanized/M31A/internal/workflow/engine.go:532.4,532.49 1 0
github.com/eshanized/M31A/internal/workflow/engine.go:532.49,534.5 1 0
github.com/eshanized/M31A/internal/workflow/engine.go:538.2,538.14 1 6
github.com/eshanized/M31A/internal/workflow/engine.go:548.61,550.61 2 0
github.com/eshanized/M31A/internal/workflow/engine.go:550.61,552.3 1 0
github.com/eshanized/M31A/internal/workflow/engine.go:554.2,555.16 2 0
github.com/eshanized/M31A/internal/workflow/engine.go:555.16,557.3 1 0
github.com/eshanized/M31A/internal/workflow/engine.go:558.2,558.16 1 0
github.com/eshanized/M31A/internal/workflow/engine.go:558.16,560.3 1 0
github.com/eshanized/M31A/internal/workflow/engine.go:563.2,566.18 3 0
github.com/eshanized/M31A/internal/workflow/engine.go:566.18,568.3 1 0
github.com/eshanized/M31A/internal/workflow/engine.go:570.2,574.3 1 0
github.com/eshanized/M31A/internal/workflow/engine.go:578.44,580.15 2 0
github.com/eshanized/M31A/internal/workflow/engine.go:581.38,582.16 1 0
github.com/eshanized/M31A/internal/workflow/engine.go:583.46,584.20 1 0
github.com/eshanized/M31A/internal/workflow/engine.go:585.50,586.21 1 0
github.com/eshanized/M31A/internal/workflow/engine.go:587.36,588.16 1 0
github.com/eshanized/M31A/internal/workflow/engine.go:589.40,590.16 1 0
github.com/eshanized/M31A/internal/workflow/engine.go:591.10,592.14 1 0
github.com/eshanized/M31A/internal/workflow/engine.go:598.41,599.51 1 0
github.com/eshanized/M31A/internal/workflow/engine.go:599.51,601.3 1 0
github.com/eshanized/M31A/internal/workflow/engine.go:602.2,605.22 4 0
github.com/eshanized/M31A/internal/workflow/engine.go:605.22,606.14 1 0
github.com/eshanized/M31A/internal/workflow/engine.go:606.14,608.12 2 0
github.com/eshanized/M31A/internal/workflow/engine.go:610.3,610.12 1 0
github.com/eshanized/M31A/internal/workflow/engine.go:611.13,612.16 1 0
github.com/eshanized/M31A/internal/workflow/engine.go:612.16,614.5 1 0
github.com/eshanized/M31A/internal/workflow/engine.go:615.12,616.24 1 0
github.com/eshanized/M31A/internal/workflow/engine.go:617.12,618.17 1 0
github.com/eshanized/M31A/internal/workflow/engine.go:618.17,620.5 1 0
github.com/eshanized/M31A/internal/workflow/engine.go:621.12,622.17 1 0
github.com/eshanized/M31A/internal/workflow/engine.go:622.17,624.19 2 0
github.com/eshanized/M31A/internal/workflow/engine.go:624.19,626.6 1 0
github.com/eshanized/M31A/internal/workflow/engine.go:630.2,630.11 1 0
github.com/eshanized/M31A/internal/workflow/engine.go:634.55,636.26 2 5
github.com/eshanized/M31A/internal/workflow/engine.go:636.26,639.17 3 5
github.com/eshanized/M31A/internal/workflow/engine.go:639.17,641.12 2 3
github.com/eshanized/M31A/internal/workflow/engine.go:643.3,643.70 1 2
github.com/eshanized/M31A/internal/workflow/engine.go:645.2,645.20 1 5
github.com/eshanized/M31A/internal/workflow/engine.go:649.54,653.26 4 9
github.com/eshanized/M31A/internal/workflow/engine.go:653.26,655.30 2 10
github.com/eshanized/M31A/internal/workflow/engine.go:655.30,657.37 2 1
github.com/eshanized/M31A/internal/workflow/engine.go:657.37,659.5 1 1
github.com/eshanized/M31A/internal/workflow/engine.go:660.4,660.33 1 1
github.com/eshanized/M31A/internal/workflow/engine.go:662.3,663.19 2 10
github.com/eshanized/M31A/internal/workflow/engine.go:663.19,665.4 1 6
github.com/eshanized/M31A/internal/workflow/engine.go:666.3,667.49 1 10
github.com/eshanized/M31A/internal/workflow/engine.go:669.2,669.20 1 9
github.com/eshanized/M31A/internal/workflow/engine.go:673.42,675.78 2 21
github.com/eshanized/M31A/internal/workflow/engine.go:675.78,676.17 1 693
github.com/eshanized/M31A/internal/workflow/engine.go:676.17,678.4 1 0
github.com/eshanized/M31A/internal/workflow/engine.go:679.3,680.72 2 693
github.com/eshanized/M31A/internal/workflow/engine.go:680.72,682.4 1 540
github.com/eshanized/M31A/internal/workflow/engine.go:683.3,683.20 1 153
github.com/eshanized/M31A/internal/workflow/engine.go:683.20,685.4 1 71
github.com/eshanized/M31A/internal/workflow/engine.go:686.3,686.13 1 153
github.com/eshanized/M31A/internal/workflow/engine.go:688.2,688.20 1 21
github.com/eshanized/M31A/internal/workflow/engine.go:692.56,693.26 1 10
github.com/eshanized/M31A/internal/workflow/engine.go:693.26,697.40 2 9
github.com/eshanized/M31A/internal/workflow/engine.go:697.40,699.4 1 0
github.com/eshanized/M31A/internal/workflow/engine.go:701.3,703.29 3 9
github.com/eshanized/M31A/internal/workflow/engine.go:703.29,706.45 1 23
github.com/eshanized/M31A/internal/workflow/engine.go:706.45,708.5 1 1
github.com/eshanized/M31A/internal/workflow/engine.go:711.2,711.14 1 9
github.com/eshanized/M31A/internal/workflow/engine.go:715.119,717.16 2 3
github.com/eshanized/M31A/internal/workflow/engine.go:717.16,719.3 1 0
github.com/eshanized/M31A/internal/workflow/engine.go:720.2,720.16 1 3
github.com/eshanized/M31A/internal/workflow/engine.go:720.16,722.3 1 0
github.com/eshanized/M31A/internal/workflow/engine.go:724.2,725.68 2 3
github.com/eshanized/M31A/internal/workflow/engine.go:725.68,727.3 1 0
github.com/eshanized/M31A/internal/workflow/engine.go:729.2,734.49 4 3
github.com/eshanized/M31A/internal/workflow/engine.go:738.50,741.16 3 3
github.com/eshanized/M31A/internal/workflow/engine.go:741.16,743.3 1 0
github.com/eshanized/M31A/internal/workflow/engine.go:744.2,748.47 3 3
github.com/eshanized/M31A/internal/workflow/engine.go:748.47,751.3 2 0
github.com/eshanized/M31A/internal/workflow/engine.go:752.2,752.40 1 3
github.com/eshanized/M31A/internal/workflow/engine.go:752.40,754.3 1 0
github.com/eshanized/M31A/internal/workflow/engine.go:756.2,756.33 1 3
github.com/eshanized/M31A/internal/workflow/engine.go:769.68,773.31 2 8
github.com/eshanized/M31A/internal/workflow/engine.go:773.31,775.50 2 7
github.com/eshanized/M31A/internal/workflow/engine.go:775.50,778.4 2 3
github.com/eshanized/M31A/internal/workflow/engine.go:782.2,783.31 2 8
github.com/eshanized/M31A/internal/workflow/engine.go:783.31,784.34 1 7
github.com/eshanized/M31A/internal/workflow/engine.go:784.34,786.9 2 7
github.com/eshanized/M31A/internal/workflow/engine.go:789.2,789.11 1 8
github.com/eshanized/M31A/internal/workflow/engine.go:789.11,792.51 3 7
github.com/eshanized/M31A/internal/workflow/engine.go:792.51,795.4 2 5
github.com/eshanized/M31A/internal/workflow/engine.go:799.2,799.41 1 8
github.com/eshanized/M31A/internal/workflow/engine.go:799.41,802.51 3 0
github.com/eshanized/M31A/internal/workflow/engine.go:802.51,805.4 2 0
github.com/eshanized/M31A/internal/workflow/engine.go:808.2,808.15 1 8
github.com/eshanized/M31A/internal/workflow/engine.go:812.57,814.2 1 7
github.com/eshanized/M31A/internal/workflow/execute.go:16.85,21.16 3 3
github.com/eshanized/M31A/internal/workflow/execute.go:21.16,23.3 1 0
github.com/eshanized/M31A/internal/workflow/execute.go:25.2,25.21 1 3
github.com/eshanized/M31A/internal/workflow/execute.go:25.21,30.3 1 1
github.com/eshanized/M31A/internal/workflow/execute.go:33.2,37.16 3 2
github.com/eshanized/M31A/internal/workflow/execute.go:37.16,39.3 1 0
github.com/eshanized/M31A/internal/workflow/execute.go:42.2,43.31 2 2
github.com/eshanized/M31A/internal/workflow/execute.go:43.31,44.81 1 2
github.com/eshanized/M31A/internal/workflow/execute.go:44.81,46.4 1 2
github.com/eshanized/M31A/internal/workflow/execute.go:48.3,48.60 1 2
github.com/eshanized/M31A/internal/workflow/execute.go:48.60,51.4 2 0
github.com/eshanized/M31A/internal/workflow/execute.go:54.3,55.75 2 2
github.com/eshanized/M31A/internal/workflow/execute.go:55.75,57.4 1 0
github.com/eshanized/M31A/internal/workflow/execute.go:58.3,59.53 1 2
github.com/eshanized/M31A/internal/workflow/execute.go:59.53,61.4 1 0
github.com/eshanized/M31A/internal/workflow/execute.go:65.2,68.17 1 2
github.com/eshanized/M31A/internal/workflow/execute.go:68.17,70.3 1 0
github.com/eshanized/M31A/internal/workflow/execute.go:73.2,74.74 2 2
github.com/eshanized/M31A/internal/workflow/execute.go:74.74,76.3 1 0
github.com/eshanized/M31A/internal/workflow/execute.go:78.2,88.25 5 2
github.com/eshanized/M31A/internal/workflow/execute.go:88.25,91.3 2 0
github.com/eshanized/M31A/internal/workflow/execute.go:92.2,92.20 1 2
github.com/eshanized/M31A/internal/workflow/execute.go:96.128,99.54 2 5
github.com/eshanized/M31A/internal/workflow/execute.go:99.54,105.17 3 7
github.com/eshanized/M31A/internal/workflow/execute.go:105.17,106.31 1 4
github.com/eshanized/M31A/internal/workflow/execute.go:106.31,108.5 1 2
github.com/eshanized/M31A/internal/workflow/execute.go:110.4,111.12 2 2
github.com/eshanized/M31A/internal/workflow/execute.go:115.3,119.32 3 3
github.com/eshanized/M31A/internal/workflow/execute.go:119.32,121.18 2 0
github.com/eshanized/M31A/internal/workflow/execute.go:121.18,123.56 2 0
github.com/eshanized/M31A/internal/workflow/execute.go:123.56,129.6 1 0
github.com/eshanized/M31A/internal/workflow/execute.go:131.5,132.10 2 0
github.com/eshanized/M31A/internal/workflow/execute.go:136.4,144.6 2 0
github.com/eshanized/M31A/internal/workflow/execute.go:147.3,147.14 1 3
github.com/eshanized/M31A/internal/workflow/execute.go:147.14,148.12 1 0
github.com/eshanized/M31A/internal/workflow/execute.go:152.3,153.26 2 3
github.com/eshanized/M31A/internal/workflow/execute.go:153.26,154.41 1 3
github.com/eshanized/M31A/internal/workflow/execute.go:154.41,156.5 1 0
github.com/eshanized/M31A/internal/workflow/execute.go:157.4,157.82 1 3
github.com/eshanized/M31A/internal/workflow/execute.go:157.82,159.5 1 0
github.com/eshanized/M31A/internal/workflow/execute.go:159.10,161.5 1 3
github.com/eshanized/M31A/internal/workflow/execute.go:164.3,169.4 1 3
github.com/eshanized/M31A/internal/workflow/execute.go:172.2,176.3 1 0
github.com/eshanized/M31A/internal/workflow/execute.go:180.100,187.20 5 8
github.com/eshanized/M31A/internal/workflow/execute.go:187.20,190.3 1 2
github.com/eshanized/M31A/internal/workflow/execute.go:193.2,202.38 4 8
github.com/eshanized/M31A/internal/workflow/execute.go:202.38,204.3 1 1
github.com/eshanized/M31A/internal/workflow/execute.go:205.2,210.17 2 8
github.com/eshanized/M31A/internal/workflow/execute.go:214.106,224.16 4 4
github.com/eshanized/M31A/internal/workflow/execute.go:224.16,226.3 1 1
github.com/eshanized/M31A/internal/workflow/execute.go:229.2,230.31 2 3
github.com/eshanized/M31A/internal/workflow/execute.go:230.31,232.17 2 0
github.com/eshanized/M31A/internal/workflow/execute.go:232.17,238.4 1 0
github.com/eshanized/M31A/internal/workflow/execute.go:242.2,243.25 2 3
github.com/eshanized/M31A/internal/workflow/execute.go:243.25,244.40 1 3
github.com/eshanized/M31A/internal/workflow/execute.go:244.40,246.4 1 0
github.com/eshanized/M31A/internal/workflow/execute.go:247.3,247.80 1 3
github.com/eshanized/M31A/internal/workflow/execute.go:247.80,249.4 1 0
github.com/eshanized/M31A/internal/workflow/execute.go:249.9,251.4 1 3
github.com/eshanized/M31A/internal/workflow/execute.go:254.2,259.3 1 3
github.com/eshanized/M31A/internal/workflow/initialize.go:14.88,28.21 5 25
github.com/eshanized/M31A/internal/workflow/initialize.go:28.21,29.38 1 0
github.com/eshanized/M31A/internal/workflow/initialize.go:29.38,31.4 1 0
github.com/eshanized/M31A/internal/workflow/initialize.go:32.3,32.64 1 0
github.com/eshanized/M31A/internal/workflow/initialize.go:32.64,34.4 1 0
github.com/eshanized/M31A/internal/workflow/initialize.go:35.3,35.46 1 0
github.com/eshanized/M31A/internal/workflow/initialize.go:39.2,39.57 1 25
github.com/eshanized/M31A/internal/workflow/initialize.go:39.57,41.3 1 0
github.com/eshanized/M31A/internal/workflow/initialize.go:44.2,44.71 1 25
github.com/eshanized/M31A/internal/workflow/initialize.go:44.71,46.3 1 0
github.com/eshanized/M31A/internal/workflow/initialize.go:49.2,49.114 1 25
github.com/eshanized/M31A/internal/workflow/initialize.go:49.114,51.3 1 0
github.com/eshanized/M31A/internal/workflow/initialize.go:54.2,58.69 2 25
github.com/eshanized/M31A/internal/workflow/initialize.go:58.69,60.3 1 0
github.com/eshanized/M31A/internal/workflow/initialize.go:62.2,65.85 2 25
github.com/eshanized/M31A/internal/workflow/initialize.go:65.85,67.3 1 0
github.com/eshanized/M31A/internal/workflow/initialize.go:69.2,72.8 1 25
github.com/eshanized/M31A/internal/workflow/plan.go:16.82,25.65 6 8
github.com/eshanized/M31A/internal/workflow/plan.go:25.65,31.17 3 15
github.com/eshanized/M31A/internal/workflow/plan.go:31.17,36.12 5 0
github.com/eshanized/M31A/internal/workflow/plan.go:40.3,41.17 2 15
github.com/eshanized/M31A/internal/workflow/plan.go:41.17,46.12 5 6
github.com/eshanized/M31A/internal/workflow/plan.go:50.3,51.23 2 9
github.com/eshanized/M31A/internal/workflow/plan.go:51.23,55.12 4 4
github.com/eshanized/M31A/internal/workflow/plan.go:58.3,59.8 2 5
github.com/eshanized/M31A/internal/workflow/plan.go:62.2,62.21 1 8
github.com/eshanized/M31A/internal/workflow/plan.go:62.21,70.3 2 3
github.com/eshanized/M31A/internal/workflow/plan.go:73.2,73.23 1 5
github.com/eshanized/M31A/internal/workflow/plan.go:73.23,75.3 1 5
github.com/eshanized/M31A/internal/workflow/plan.go:78.2,78.67 1 5
github.com/eshanized/M31A/internal/workflow/plan.go:78.67,80.3 1 0
github.com/eshanized/M31A/internal/workflow/plan.go:83.2,86.17 1 5
github.com/eshanized/M31A/internal/workflow/plan.go:86.17,88.3 1 0
github.com/eshanized/M31A/internal/workflow/plan.go:91.2,91.144 1 5
github.com/eshanized/M31A/internal/workflow/plan.go:91.144,93.3 1 0
github.com/eshanized/M31A/internal/workflow/plan.go:95.2,101.8 2 5
github.com/eshanized/M31A/internal/workflow/plan.go:105.145,113.20 6 20
github.com/eshanized/M31A/internal/workflow/plan.go:113.20,116.3 2 16
github.com/eshanized/M31A/internal/workflow/plan.go:119.2,124.50 4 20
github.com/eshanized/M31A/internal/workflow/plan.go:124.50,126.3 1 1
github.com/eshanized/M31A/internal/workflow/plan.go:129.2,130.22 2 20
github.com/eshanized/M31A/internal/workflow/plan.go:130.22,132.3 1 20
github.com/eshanized/M31A/internal/workflow/plan.go:135.2,135.48 1 20
github.com/eshanized/M31A/internal/workflow/plan.go:135.48,137.37 2 2
github.com/eshanized/M31A/internal/workflow/plan.go:137.37,139.4 1 3
github.com/eshanized/M31A/internal/workflow/plan.go:140.3,140.14 1 2
github.com/eshanized/M31A/internal/workflow/plan.go:144.2,144.28 1 20
github.com/eshanized/M31A/internal/workflow/plan.go:144.28,146.32 2 1
github.com/eshanized/M31A/internal/workflow/plan.go:146.32,148.39 2 1
github.com/eshanized/M31A/internal/workflow/plan.go:148.39,150.5 1 1
github.com/eshanized/M31A/internal/workflow/plan.go:151.4,151.15 1 1
github.com/eshanized/M31A/internal/workflow/plan.go:153.3,153.24 1 1
github.com/eshanized/M31A/internal/workflow/plan.go:153.24,155.4 1 1
github.com/eshanized/M31A/internal/workflow/plan.go:156.3,156.83 1 1
github.com/eshanized/M31A/internal/workflow/plan.go:159.2,163.17 3 20
github.com/eshanized/M31A/internal/workflow/ship.go:27.82,32.16 3 3
github.com/eshanized/M31A/internal/workflow/ship.go:32.16,34.3 1 0
github.com/eshanized/M31A/internal/workflow/ship.go:37.2,41.81 3 3
github.com/eshanized/M31A/internal/workflow/ship.go:41.81,43.3 1 0
github.com/eshanized/M31A/internal/workflow/ship.go:46.2,70.103 5 3
github.com/eshanized/M31A/internal/workflow/ship.go:70.103,72.3 1 0
github.com/eshanized/M31A/internal/workflow/ship.go:75.2,75.65 1 3
github.com/eshanized/M31A/internal/workflow/ship.go:75.65,77.3 1 0
github.com/eshanized/M31A/internal/workflow/ship.go:80.2,80.111 1 3
github.com/eshanized/M31A/internal/workflow/ship.go:80.111,82.3 1 0
github.com/eshanized/M31A/internal/workflow/ship.go:85.2,88.17 1 3
github.com/eshanized/M31A/internal/workflow/ship.go:88.17,90.3 1 0
github.com/eshanized/M31A/internal/workflow/ship.go:92.2,98.16 3 3
github.com/eshanized/M31A/internal/workflow/ship.go:98.16,101.3 2 0
github.com/eshanized/M31A/internal/workflow/ship.go:102.2,102.20 1 3
github.com/eshanized/M31A/internal/workflow/ship.go:106.45,122.2 5 1
github.com/eshanized/M31A/internal/workflow/verify.go:16.84,21.16 3 5
github.com/eshanized/M31A/internal/workflow/verify.go:21.16,23.3 1 0
github.com/eshanized/M31A/internal/workflow/verify.go:25.2,25.21 1 5
github.com/eshanized/M31A/internal/workflow/verify.go:25.21,30.3 1 1
github.com/eshanized/M31A/internal/workflow/verify.go:33.2,33.29 1 4
github.com/eshanized/M31A/internal/workflow/verify.go:33.29,34.41 1 4
github.com/eshanized/M31A/internal/workflow/verify.go:34.41,35.12 1 1
github.com/eshanized/M31A/internal/workflow/verify.go:38.3,40.61 2 3
github.com/eshanized/M31A/internal/workflow/verify.go:40.61,42.12 2 1
github.com/eshanized/M31A/internal/workflow/verify.go:46.3,48.54 2 2
github.com/eshanized/M31A/internal/workflow/verify.go:48.54,55.22 5 0
github.com/eshanized/M31A/internal/workflow/verify.go:55.22,58.5 1 0
github.com/eshanized/M31A/internal/workflow/verify.go:59.4,60.27 2 0
github.com/eshanized/M31A/internal/workflow/verify.go:60.27,63.5 2 0
github.com/eshanized/M31A/internal/workflow/verify.go:64.4,65.41 2 0
github.com/eshanized/M31A/internal/workflow/verify.go:65.41,75.27 5 0
github.com/eshanized/M31A/internal/workflow/verify.go:75.27,78.73 2 0
github.com/eshanized/M31A/internal/workflow/verify.go:78.73,81.7 2 0
github.com/eshanized/M31A/internal/workflow/verify.go:81.12,84.7 2 0
github.com/eshanized/M31A/internal/workflow/verify.go:85.11,88.6 2 0
github.com/eshanized/M31A/internal/workflow/verify.go:90.4,90.12 1 0
github.com/eshanized/M31A/internal/workflow/verify.go:94.3,98.25 4 2
github.com/eshanized/M31A/internal/workflow/verify.go:98.25,101.71 2 2
github.com/eshanized/M31A/internal/workflow/verify.go:101.71,103.5 1 0
github.com/eshanized/M31A/internal/workflow/verify.go:103.10,105.5 1 2
github.com/eshanized/M31A/internal/workflow/verify.go:106.9,108.59 2 0
github.com/eshanized/M31A/internal/workflow/verify.go:108.59,110.5 1 0
github.com/eshanized/M31A/internal/workflow/verify.go:115.2,115.67 1 4
github.com/eshanized/M31A/internal/workflow/verify.go:115.67,117.3 1 0
github.com/eshanized/M31A/internal/workflow/verify.go:120.2,123.17 1 4
github.com/eshanized/M31A/internal/workflow/verify.go:123.17,125.3 1 0
github.com/eshanized/M31A/internal/workflow/verify.go:128.2,128.122 1 4
github.com/eshanized/M31A/internal/workflow/verify.go:128.122,130.3 1 0
github.com/eshanized/M31A/internal/workflow/verify.go:133.2,135.29 3 4
github.com/eshanized/M31A/internal/workflow/verify.go:135.29,136.90 1 4
github.com/eshanized/M31A/internal/workflow/verify.go:136.90,139.4 2 0
github.com/eshanized/M31A/internal/workflow/verify.go:142.2,149.36 3 4
github.com/eshanized/M31A/internal/workflow/verify.go:149.36,152.3 2 0
github.com/eshanized/M31A/internal/workflow/verify.go:153.2,153.20 1 4
